// Jest Snapshot v1, https://goo.gl/fbAQLP

exports[`TodoSettings should match snapshot with settings closed 1`] = `
<div>
  <div
    class="StyledGrommet-sc-19lkkz7-0 huBofQ"
  >
    <div
      class="StyledBox-sc-13pk1d4-0 gsnvgM"
    >
      <button
        class="StyledButton-sc-323bzc-0 cszWFM"
        data-testid="settings-button"
        type="button"
      >
        <svg
          aria-label="Configure"
          class="StyledIcon-sc-ofa7kd-0 iZPhJX"
          viewBox="0 0 24 24"
        >
          <path
            d="M16 15c4.009-.065 7-3.033 7-7 0-3.012-.997-2.015-2-1-.991.98-3 3-3 3l-4-4s2.02-2.009 3-3c1.015-1.003 1.015-2-1-2-3.967 0-6.947 2.991-7 7 .042.976 0 3 0 3-1.885 1.897-4.34 4.353-6 6-2.932 2.944 1.056 6.932 4 4 1.65-1.662 4.113-4.125 6-6 0 0 2.024-.042 3 0z"
            fill="none"
            stroke="#000"
            stroke-width="2"
          />
        </svg>
      </button>
    </div>
  </div>
</div>
`;

exports[`TodoSettings should match snapshot with settings open 1`] = `
<div
  class="StyledBox-sc-13pk1d4-0 eRySLq"
  data-testid="settings-panel"
>
  <h3
    class="StyledHeading-sc-1rdh4aw-0 jqbxUT"
  >
    Settings
  </h3>
  <div
    class="StyledBox__StyledBoxGap-sc-13pk1d4-1 fWNJrO"
  />
  <div
    class="StyledBox-sc-13pk1d4-0 dwnQxZ"
  >
    <label
      class="StyledCheckBox__StyledCheckBoxContainer-sc-1dbk5ju-1 hUjAKd"
    >
      <div
        class="StyledBox-sc-13pk1d4-0 gDkzsB StyledCheckBox-sc-1dbk5ju-6 eaiPwo"
      >
        <input
          class="StyledCheckBox__StyledCheckBoxInput-sc-1dbk5ju-2 kwqnhR"
          data-testid="auto-delete-setting"
          type="checkbox"
        />
        <div
          class="StyledBox-sc-13pk1d4-0 dmVmJK StyledCheckBox__StyledCheckBoxBox-sc-1dbk5ju-3 fQtXhU"
        />
      </div>
      <span>
        Automatically delete completed tasks
      </span>
    </label>
    <span
      class="StyledText-sc-1sadyjn-0 flkTRG"
    >
      When enabled, completed tasks will be automatically removed
    </span>
  </div>
</div>
`;
