// Jest Snapshot v1, https://goo.gl/fbAQLP

exports[`TodoFilter should match snapshot 1`] = `
<div>
  <div
    class="StyledGrommet-sc-19lkkz7-0 lioFhE"
  >
    <div
      class="StyledBox-sc-13pk1d4-0 kMbDTu"
      data-testid="todo-filter"
    >
      <span
        class="StyledText-sc-1sadyjn-0 iXfSYi"
        data-testid="todo-count"
      >
        3 items left
      </span>
      <div
        class="StyledBox-sc-13pk1d4-0 bVWETU"
      >
        <button
          class="StyledButton-sc-323bzc-0 jfgVTo"
          data-testid="filter-all"
          style="background: none; border-bottom: 2px solid #7D4CDB; font-weight: bold;"
          type="button"
        >
          All
        </button>
        <div
          class="StyledBox__StyledBoxGap-sc-13pk1d4-1 hDDuS"
        />
        <button
          class="StyledButton-sc-323bzc-0 jrhiYA"
          data-testid="filter-active"
          style="background: none; font-weight: normal;"
          type="button"
        >
          Active
        </button>
        <div
          class="StyledBox__StyledBoxGap-sc-13pk1d4-1 hDDuS"
        />
        <button
          class="StyledButton-sc-323bzc-0 jrhiYA"
          data-testid="filter-completed"
          style="background: none; font-weight: normal;"
          type="button"
        >
          Completed
        </button>
      </div>
      <button
        class="StyledButton-sc-323bzc-0 kGGExe"
        data-testid="clear-completed"
        type="button"
      >
        Clear completed
      </button>
    </div>
  </div>
</div>
`;
